// Jest Snapshot v1, https://jestjs.io/docs/snapshot-testing

exports[`SegmentsView matches snapshot 1`] = `
<div
  class="segments-view app-view"
>
  <div
    class="view-control-bar"
  >
    <div
      class="control-label"
    >
      Segments
    </div>
    <div
      class="bp6-button-group timed-button refresh-button"
    >
      <button
        class="bp6-button"
        type="button"
      >
        <span
          aria-hidden="true"
          class="bp6-icon bp6-icon-refresh"
        >
          <svg
            data-icon="refresh"
          />
        </span>
        <span
          class="bp6-button-text"
        >
          Refresh
        </span>
      </button>
      <span
        class="bp6-popover-target"
      >
        <button
          aria-expanded="false"
          aria-haspopup="menu"
          class="bp6-button"
          type="button"
        >
          <span
            aria-hidden="true"
            class="bp6-icon bp6-icon-caret-down"
          >
            <svg
              data-icon="caret-down"
            />
          </span>
        </button>
      </span>
    </div>
    <label
      class="bp6-label"
    >
      Group by
    </label>
    <div
      class="bp6-button-group"
    >
      <button
        class="bp6-button bp6-active"
        type="button"
      >
        <span
          class="bp6-button-text"
        >
          None
        </span>
      </button>
      <button
        class="bp6-button"
        type="button"
      >
        <span
          class="bp6-button-text"
        >
          Interval
        </span>
      </button>
    </div>
    <span
      class="more-button bp6-popover-target"
    >
      <button
        aria-expanded="false"
        aria-haspopup="menu"
        class="bp6-button"
        title="More actions"
        type="button"
      >
        <span
          aria-hidden="true"
          class="bp6-icon bp6-icon-more"
        >
          <svg
            data-icon="more"
          />
        </span>
      </button>
    </span>
    <label
      class="bp6-control bp6-switch"
    >
      <input
        class="bp6-control-input"
        type="checkbox"
      />
      <span
        class="bp6-control-indicator"
      />
      Show segment timeline
    </label>
    <span
      class="table-column-selector bp6-popover-target"
    >
      <button
        aria-expanded="false"
        aria-haspopup="menu"
        class="bp6-button"
        type="button"
      >
        <span
          class="bp6-button-text"
        >
          Columns 
          <span
            class="counter"
          >
            (17/19)
          </span>
        </span>
        <span
          aria-hidden="true"
          class="bp6-icon bp6-icon-caret-down"
        >
          <svg
            data-icon="caret-down"
          />
        </span>
      </button>
    </span>
  </div>
  <div
    class="splitter-layout timeline-segments-splitter splitter-layout-vertical"
  >
    <div
      class="layout-pane layout-pane-primary"
    >
      <stub-console-table
        filterable="true"
        loading="true"
        manual="true"
        no-data-text=""
        of-text=""
        page="0"
        page-size="50"
        pages="10000000"
        rows="0"
        show-page-jump="false"
        show-pagination="true"
      >
        <stub-column
          id="segment_id"
          width="280"
        >
          Segment ID
        </stub-column>
        <stub-column
          id="datasource"
          width="140"
        >
          Datasource
        </stub-column>
        <stub-column
          hidden=""
          id="interval"
          width="120"
        >
          Interval
        </stub-column>
        <stub-column
          id="start"
          width="220"
        >
          Start
        </stub-column>
        <stub-column
          id="end"
          width="220"
        >
          End
        </stub-column>
        <stub-column
          id="version"
          width="180"
        >
          Version
        </stub-column>
        <stub-column
          id="time_span"
          width="100"
        >
          Time span
        </stub-column>
        <stub-column
          id="shard_type"
          width="100"
        >
          Shard type
        </stub-column>
        <stub-column
          id="shard_spec"
          width="400"
        >
          Shard spec
        </stub-column>
        <stub-column
          id="partition_num"
          width="60"
        >
          Partition
        </stub-column>
        <stub-column
          id="size"
          width="120"
        >
          Size
        </stub-column>
        <stub-column
          id="num_rows"
          width="120"
        >
          Num rows
        </stub-column>
        <stub-column
          id="avg_row_size"
          width="100"
        >
          Avg. row size
          <br />
          <i>
            (bytes)
          </i>
        </stub-column>
        <stub-column
          id="num_replicas"
          width="80"
        >
          Replicas
          <br />
          <i>
            (actual)
          </i>
        </stub-column>
        <stub-column
          id="replication_factor"
          width="80"
        >
          Replication factor
          <br />
          <i>
            (desired)
          </i>
        </stub-column>
        <stub-column
          id="is_available"
          width="100"
        >
          Is available
        </stub-column>
        <stub-column
          id="is_active"
          width="100"
        >
          Is active
        </stub-column>
        <stub-column
          id="is_realtime"
          width="100"
        >
          Is realtime
        </stub-column>
        <stub-column
          hidden=""
          id="is_published"
          width="100"
        >
          Is published
        </stub-column>
        <stub-column
          hidden=""
          id="is_overshadowed"
          width="100"
        >
          Is overshadowed
        </stub-column>
        <stub-column
          id="actions"
          width="70"
        >
          Actions
        </stub-column>
      </stub-console-table>
    </div>
  </div>
</div>
`;
