// Jest Snapshot v1, https://goo.gl/fbAQLP

exports[`Visualization BarUnit 1`] = `
<svg>
  <rect
    class="bar-chart-unit"
    height="10"
    width="10"
    x="10"
    y="10"
  />
</svg>
`;

exports[`Visualization action barGroup 1`] = `
<svg>
  <g
    class="chart-axis undefined"
    transform="value"
  />
</svg>
`;
