// Jest Snapshot v1, https://goo.gl/fbAQLP

exports[`JsonCollapse matches snapshot 1`] = `
<div
  className="json-collapse"
>
  <div
    className="collapse-buttons"
  >
    <Blueprint4.Button
      active={false}
      minimal={true}
      onClick={[Function]}
      text="test"
    />
  </div>
  <Blueprint4.Collapse
    component="div"
    isOpen={false}
    keepChildrenMounted={false}
    transitionDuration={200}
  >
    <Blueprint4.TextArea
      readOnly={true}
      value="{
  \\"name\\": \\"test\\"
}"
    />
  </Blueprint4.Collapse>
</div>
`;
