// Jest Snapshot v1, https://jestjs.io/docs/snapshot-testing

exports[`JsonCollapse matches snapshot 1`] = `
<div
  class="json-collapse"
>
  <div
    class="collapse-buttons"
  >
    <button
      class="bp6-button bp6-minimal"
      type="button"
    >
      <span
        class="bp6-button-text"
      >
        test
      </span>
    </button>
  </div>
  <div
    class="bp6-collapse"
  >
    <div
      aria-hidden="true"
      class="bp6-collapse-body"
      style="transform: translateY(-undefinedpx);"
    />
  </div>
</div>
`;
