// Jest Snapshot v1, https://goo.gl/fbAQLP

exports[`FormEditor matches snapshot 1`] = `
<div
  class="form-editor"
>
  <div
    class="auto-form"
  >
    <div
      class="bp5-form-group form-group-with-info"
    >
      <label
        class="bp5-label"
      >
        Input format
         
        <span
          class="bp5-text-muted"
        >
          <span
            class="info-popover bp5-popover-target"
          >
            <span
              aria-expanded="false"
              aria-haspopup="menu"
              aria-hidden="true"
              class="bp5-icon bp5-icon-info-sign"
              data-icon="info-sign"
            />
          </span>
        </span>
      </label>
      <div
        class="bp5-form-content"
      >
        <div
          class="formatted-input suggestible-input"
        >
          <div
            class="bp5-input-group bp5-intent-primary"
          >
            <input
              aria-disabled="false"
              class="bp5-input"
              placeholder=""
              type="text"
              value=""
            />
          </div>
        </div>
      </div>
    </div>
  </div>
  <div
    class="apply-cancel-buttons"
  >
    <button
      class="bp5-button bp5-intent-danger delete"
      type="button"
    >
      <span
        aria-hidden="true"
        class="bp5-icon bp5-icon-standard bp5-icon-trash"
        data-icon="trash"
      />
    </button>
    <button
      class="bp5-button"
      type="button"
    >
      <span
        class="bp5-button-text"
      >
        Cancel
      </span>
    </button>
    <button
      class="bp5-button bp5-disabled bp5-intent-primary"
      disabled=""
      tabindex="-1"
      type="button"
    >
      <span
        class="bp5-button-text"
      >
        Apply
      </span>
    </button>
  </div>
</div>
`;
