// Jest Snapshot v1, https://goo.gl/fbAQLP

exports[`sql view matches snapshot 1`] = `
<div
  className="query-view app-view"
>
  <ColumnTree
    addAggregateColumn={[Function]}
    addFunctionToGroupBy={[Function]}
    addToGroupBy={[Function]}
    columnMetadataLoading={true}
    filterByRow={[Function]}
    onQueryStringChange={[Function]}
  />
  <t
    customClassName=""
    onDragEnd={null}
    onDragStart={null}
    onSecondaryPaneSizeChange={[Function]}
    percentage={true}
    primaryIndex={0}
    primaryMinSize={30}
    secondaryInitialSize={60}
    secondaryMinSize={30}
    vertical={true}
  >
    <div
      className="control-pane"
    >
      <QueryInput
        onQueryStringChange={[Function]}
        queryString="test"
        runeMode={false}
      />
      <Blueprint3.ControlGroup
        vertical={true}
      >
        <Blueprint3.Tooltip
          content="QueryHistory"
          hoverCloseDelay={0}
          hoverOpenDelay={100}
          position="left"
          transitionDuration={100}
        >
          <Blueprint3.Button
            icon="history"
            onClick={[Function]}
          />
        </Blueprint3.Tooltip>
        <Blueprint3.Tooltip
          content="QueryHistory"
          hoverCloseDelay={0}
          hoverOpenDelay={100}
          position="left"
          transitionDuration={100}
        >
          <Blueprint3.Button
            icon="filter"
          />
        </Blueprint3.Tooltip>
        <Blueprint3.Tooltip
          content="QueryHistory"
          hoverCloseDelay={0}
          hoverOpenDelay={100}
          position="left"
          transitionDuration={100}
        >
          <Blueprint3.Button
            icon="filter"
          />
        </Blueprint3.Tooltip>
      </Blueprint3.ControlGroup>
      <div
        className="control-bar"
      >
        <HotkeysTarget(RunButton)
          onEditContext={[Function]}
          onExplain={[Function]}
          onHistory={[Function]}
          onQueryContextChange={[Function]}
          onRun={[Function]}
          queryContext={Object {}}
          runeMode={false}
        />
      </div>
    </div>
    <QueryOutput
      disabled={true}
      loading={false}
      runeMode={false}
      sqlExcludeColumn={[Function]}
      sqlFilterRow={[Function]}
      sqlOrderBy={[Function]}
    />
  </t>
</div>
`;
