// Jest Snapshot v1, https://goo.gl/fbAQLP

exports[`ArrayInput matches snapshot 1`] = `
<div
  class="array-input test"
>
  <textarea
    class="bp5-input bp5-text-area bp5-fill test"
    placeholder="test"
  >
    apple, banana, pear
  </textarea>
  <span
    class="bp5-popover2-target suggestion-button bp5-popover-target"
  >
    <button
      aria-expanded="false"
      aria-haspopup="menu"
      class="bp5-button bp5-minimal"
      type="button"
    >
      <span
        aria-hidden="true"
        class="bp5-icon bp5-icon-standard bp5-icon-plus"
        data-icon="plus"
      />
    </button>
  </span>
</div>
`;
