// Jest Snapshot v1, https://goo.gl/fbAQLP

exports[`FormJsonSelector matches snapshot form json 1`] = `
<Blueprint4.FormGroup
  className="form-json-selector"
>
  <Blueprint4.ButtonGroup
    fill={true}
  >
    <Blueprint4.Button
      active={false}
      onClick={[Function]}
      text="Form"
    />
    <Blueprint4.Button
      active={true}
      onClick={[Function]}
      text="JSON"
    />
  </Blueprint4.ButtonGroup>
</Blueprint4.FormGroup>
`;

exports[`FormJsonSelector matches snapshot form tab 1`] = `
<Blueprint4.FormGroup
  className="form-json-selector"
>
  <Blueprint4.ButtonGroup
    fill={true}
  >
    <Blueprint4.Button
      active={true}
      onClick={[Function]}
      text="Form"
    />
    <Blueprint4.Button
      active={false}
      onClick={[Function]}
      text="JSON"
    />
  </Blueprint4.ButtonGroup>
</Blueprint4.FormGroup>
`;
