// Jest Snapshot v1, https://jestjs.io/docs/snapshot-testing

exports[`AboutDialog matches snapshot 1`] = `
<div
  class="bp6-portal"
>
  <div
    aria-live="polite"
    class="bp6-overlay bp6-overlay-open bp6-overlay-scroll-container"
  >
    <div
      class="bp6-overlay-start-focus-trap bp6-overlay-appear bp6-overlay-appear-active"
      tabindex="0"
    />
    <div
      class="bp6-overlay-backdrop bp6-overlay-appear bp6-overlay-appear-active"
    />
    <div
      class="bp6-dialog-container bp6-overlay-content bp6-overlay-appear bp6-overlay-appear-active"
      tabindex="0"
    >
      <div
        aria-labelledby="title-bp-dialog-0"
        aria-modal="true"
        class="bp6-dialog about-dialog"
        role="dialog"
      >
        <div
          class="bp6-dialog-header"
        >
          <span
            aria-hidden="true"
            class="bp6-icon bp6-icon-graph"
            tabindex="-1"
          >
            <svg
              data-icon="graph"
            />
          </span>
          <h2
            class="bp6-heading"
            id="title-bp-dialog-0"
          >
            Apache Druid
          </h2>
          <button
            aria-label="Close"
            class="bp6-button bp6-minimal bp6-dialog-close-button"
            type="button"
          >
            <span
              aria-hidden="true"
              class="bp6-icon bp6-icon-small-cross"
            >
              <svg
                data-icon="small-cross"
              />
            </span>
          </button>
        </div>
        <div
          class="bp6-dialog-body"
        >
          <p>
            <strong>
              Apache Druid is a high performance real-time analytics database.
            </strong>
          </p>
          <p>
            For help and support with Druid, please refer to the
             
            <a
              href="https://druid.apache.org/community/"
              rel="noopener noreferrer"
              target="_blank"
            >
              community page
            </a>
             and the
             
            <a
              href="https://groups.google.com/forum/#!forum/druid-user"
              rel="noopener noreferrer"
              target="_blank"
            >
              user groups
            </a>
            .
          </p>
          <p>
            Druid is made with ❤️ by a community of passionate developers. To contribute, join in the discussion on the
             
            <a
              href="https://lists.apache.org/list?dev@druid.apache.org"
              rel="noopener noreferrer"
              target="_blank"
            >
              developer group
            </a>
            .
          </p>
        </div>
        <div
          class="bp6-dialog-footer"
        >
          <div
            class="bp6-dialog-footer-actions"
          >
            <button
              class="bp6-button"
              type="button"
            >
              <span
                class="bp6-button-text"
              >
                Close
              </span>
            </button>
            <a
              aria-disabled="false"
              class="bp6-button bp6-intent-primary"
              href="https://druid.apache.org"
              rel="noopener noreferrer"
              role="button"
              tabindex="0"
              target="_blank"
            >
              <span
                class="bp6-button-text"
              >
                Visit Druid
              </span>
            </a>
          </div>
        </div>
      </div>
    </div>
    <div
      class="bp6-overlay-end-focus-trap bp6-overlay-appear bp6-overlay-appear-active"
      tabindex="0"
    />
  </div>
</div>
`;
