// Jest Snapshot v1, https://jestjs.io/docs/snapshot-testing

exports[`SegmentsCard matches snapshot 1`] = `
<a
  class="home-view-card segments-card"
  href="#segments"
>
  <div
    class="bp6-card bp6-elevation-1 bp6-interactive"
  >
    <h5
      class="bp6-heading"
    >
      <span
        aria-hidden="true"
        class="bp6-icon bp6-icon-stacked-chart"
      >
        <svg
          data-icon="stacked-chart"
        />
      </span>
       
      Segments
    </h5>
    <p>
      Loading...
    </p>
  </div>
</a>
`;
