// Jest Snapshot v1, https://goo.gl/fbAQLP

exports[`ExecutionErrorPane matches snapshot 1`] = `
<Blueprint4.Callout
  className="execution-error-pane"
  icon="error"
>
  <p
    className="error-message-text"
  >
    UnknownError: 
    java.lang.RuntimeException: java.lang.RuntimeException: Error occured while trying to read uri: https://static.imply.io/example-data/kttm-v2/kttm-v2-2019-08-25.json.gz_
     
    <a
      onClick={[Function]}
    >
      (Stack trace)
    </a>
  </p>
  <div>
    Failed task ID: 
    <Memo(ClickToCopy)
      text="query-0cf1a40a-aaef-4d17-bda4-5afa7edf07e7-worker0"
    />
     (on host: 
    <Memo(ClickToCopy)
      text="localhost:8101"
    />
    )
  </div>
  <div>
    Debug: 
    <a
      onClick={[Function]}
    >
      get query detail archive
    </a>
  </div>
</Blueprint4.Callout>
`;
