// Jest Snapshot v1, https://goo.gl/fbAQLP

exports[`lookup edit dialog matches snapshot 1`] = `
<div
  class="bp3-portal"
>
  <div
    class="bp3-overlay bp3-overlay-open bp3-overlay-scroll-container"
  >
    <div
      class="bp3-overlay-backdrop bp3-overlay-appear bp3-overlay-appear-active"
      tabindex="0"
    />
    <div
      class="bp3-dialog-container bp3-overlay-content bp3-overlay-appear bp3-overlay-appear-active"
      tabindex="0"
    >
      <div
        class="bp3-dialog lookup-edit-dialog"
      >
        <div
          class="bp3-dialog-header"
        >
          <h4
            class="bp3-heading"
          >
            Add lookup
          </h4>
          <button
            aria-label="Close"
            class="bp3-button bp3-minimal bp3-dialog-close-button"
            type="button"
          >
            <span
              class="bp3-icon bp3-icon-small-cross"
              icon="small-cross"
            >
              <svg
                data-icon="small-cross"
                height="20"
                viewBox="0 0 20 20"
                width="20"
              >
                <desc>
                  small-cross
                </desc>
                <path
                  d="M11.41 10l3.29-3.29c.19-.18.3-.43.3-.71a1.003 1.003 0 00-1.71-.71L10 8.59l-3.29-3.3a1.003 1.003 0 00-1.42 1.42L8.59 10 5.3 13.29c-.19.18-.3.43-.3.71a1.003 1.003 0 001.71.71l3.29-3.3 3.29 3.29c.18.19.43.3.71.3a1.003 1.003 0 00.71-1.71L11.41 10z"
                  fill-rule="evenodd"
                />
              </svg>
            </span>
          </button>
        </div>
        <div
          class="bp3-form-group lookup-label"
        >
          <label
            class="bp3-label"
          >
            Name
             
            <span
              class="bp3-text-muted"
            />
          </label>
          <div
            class="bp3-form-content"
          >
            <div
              class="bp3-input-group"
            >
              <input
                class="bp3-input"
                placeholder="Enter the lookup name"
                style="padding-right: 10px;"
                type="text"
                value="test"
              />
            </div>
          </div>
        </div>
        <div
          class="bp3-form-group lookup-label"
        >
          <label
            class="bp3-label"
          >
            Tier
             
            <span
              class="bp3-text-muted"
            />
          </label>
          <div
            class="bp3-form-content"
          >
            <div
              class="bp3-html-select"
            >
              <select>
                <option
                  value="a"
                >
                  a
                </option>
                <option
                  value="b"
                >
                  b
                </option>
                <option
                  value="c"
                >
                  c
                </option>
                <option
                  value="d"
                >
                  d
                </option>
                <option
                  value="e"
                >
                  e
                </option>
                <option
                  value="f"
                >
                  f
                </option>
                <option
                  value="g"
                >
                  g
                </option>
                <option
                  value="h"
                >
                  h
                </option>
                <option
                  value="i"
                >
                  i
                </option>
                <option
                  value="j"
                >
                  j
                </option>
              </select>
              <span
                class="bp3-icon bp3-icon-double-caret-vertical"
                icon="double-caret-vertical"
              >
                <svg
                  data-icon="double-caret-vertical"
                  height="16"
                  viewBox="0 0 16 16"
                  width="16"
                >
                  <desc>
                    double-caret-vertical
                  </desc>
                  <path
                    d="M5 7h6a1.003 1.003 0 00.71-1.71l-3-3C8.53 2.11 8.28 2 8 2s-.53.11-.71.29l-3 3A1.003 1.003 0 005 7zm6 2H5a1.003 1.003 0 00-.71 1.71l3 3c.18.18.43.29.71.29s.53-.11.71-.29l3-3A1.003 1.003 0 0011 9z"
                    fill-rule="evenodd"
                  />
                </svg>
              </span>
            </div>
          </div>
        </div>
        <div
          class="bp3-form-group lookup-label"
        >
          <label
            class="bp3-label"
          >
            Version
             
            <span
              class="bp3-text-muted"
            />
          </label>
          <div
            class="bp3-form-content"
          >
            <div
              class="bp3-input-group"
            >
              <input
                class="bp3-input"
                placeholder="Enter the lookup version"
                style="padding-right: 0px;"
                type="text"
                value="test"
              />
              <span
                class="bp3-input-action"
              >
                <button
                  class="bp3-button bp3-minimal"
                  type="button"
                >
                  <span
                    class="bp3-button-text"
                  >
                    Use ISO as version
                  </span>
                </button>
              </span>
            </div>
          </div>
        </div>
        <div
          class="auto-form"
        >
          <div
            class="bp3-form-group form-group-with-info"
          >
            <label
              class="bp3-label"
            >
              Type
               
              <span
                class="bp3-text-muted"
              />
            </label>
            <div
              class="bp3-form-content"
            >
              <div
                class="bp3-input-group suggestible-input"
              >
                <input
                  class="bp3-input"
                  placeholder=""
                  style="padding-right: 0px;"
                  suggestions="map,cachedNamespace"
                  type="text"
                  value="map"
                />
                <span
                  class="bp3-input-action"
                >
                  <span
                    class="bp3-popover-wrapper"
                  >
                    <span
                      class="bp3-popover-target"
                    >
                      <button
                        class="bp3-button bp3-minimal"
                        type="button"
                      >
                        <span
                          class="bp3-icon bp3-icon-caret-down"
                          icon="caret-down"
                        >
                          <svg
                            data-icon="caret-down"
                            height="16"
                            viewBox="0 0 16 16"
                            width="16"
                          >
                            <desc>
                              caret-down
                            </desc>
                            <path
                              d="M12 6.5c0-.28-.22-.5-.5-.5h-7a.495.495 0 00-.37.83l3.5 4c.09.1.22.17.37.17s.28-.07.37-.17l3.5-4c.08-.09.13-.2.13-.33z"
                              fill-rule="evenodd"
                            />
                          </svg>
                        </span>
                      </button>
                    </span>
                  </span>
                </span>
              </div>
            </div>
          </div>
          <div
            class="bp3-form-group form-group-with-info"
          >
            <label
              class="bp3-label"
            >
              Map
               
              <span
                class="bp3-text-muted"
              />
            </label>
            <div
              class="bp3-form-content"
            >
              <div
                class=" ace_editor ace-tm json-input"
                id="brace-editor"
                style="width: 100%; height: 8vh;"
              >
                <textarea
                  autocapitalize="off"
                  autocorrect="off"
                  class="ace_text-input"
                  spellcheck="false"
                  style="opacity: 0;"
                  wrap="off"
                />
                <div
                  aria-hidden="true"
                  class="ace_gutter"
                  style="display: none;"
                >
                  <div
                    class="ace_layer ace_gutter-layer ace_folding-enabled"
                  />
                  <div
                    class="ace_gutter-active-line"
                  />
                </div>
                <div
                  class="ace_scroller"
                >
                  <div
                    class="ace_content"
                  >
                    <div
                      class="ace_layer ace_print-margin-layer"
                    >
                      <div
                        class="ace_print-margin"
                        style="left: 4px; visibility: hidden;"
                      />
                    </div>
                    <div
                      class="ace_layer ace_marker-layer"
                    />
                    <div
                      class="ace_layer ace_text-layer"
                      style="padding: 0px 4px;"
                    />
                    <div
                      class="ace_layer ace_marker-layer"
                    />
                    <div
                      class="ace_layer ace_cursor-layer ace_hidden-cursors"
                    >
                      <div
                        class="ace_cursor"
                      />
                    </div>
                  </div>
                </div>
                <div
                  class="ace_scrollbar ace_scrollbar-v"
                  style="display: none; width: 20px;"
                >
                  <div
                    class="ace_scrollbar-inner"
                    style="width: 20px;"
                  />
                </div>
                <div
                  class="ace_scrollbar ace_scrollbar-h"
                  style="display: none; height: 20px;"
                >
                  <div
                    class="ace_scrollbar-inner"
                    style="height: 20px;"
                  />
                </div>
                <div
                  style="height: auto; width: auto; top: 0px; left: 0px; visibility: hidden; position: absolute; white-space: pre; overflow: hidden;"
                >
                  <div
                    style="height: auto; width: auto; top: 0px; left: 0px; visibility: hidden; position: absolute; white-space: pre; overflow: visible;"
                  />
                  <div
                    style="height: auto; width: auto; top: 0px; left: 0px; visibility: hidden; position: absolute; white-space: pre; overflow: visible;"
                  >
                    XXXXXXXXXXXXXXXXXXXXXXXXXXXXXXXXXXXXXXXXXXXXXXXXXXXXXXXXXXXXXXXXXXXXXXXXXXXXXXXXXXXXXXXXXXXXXXXXXXXX
                  </div>
                </div>
              </div>
            </div>
          </div>
        </div>
        <div
          class="bp3-dialog-footer"
        >
          <div
            class="bp3-dialog-footer-actions"
          >
            <button
              class="bp3-button"
              type="button"
            >
              <span
                class="bp3-button-text"
              >
                Close
              </span>
            </button>
            <button
              class="bp3-button bp3-intent-primary"
              type="button"
            >
              <span
                class="bp3-button-text"
              >
                Submit
              </span>
            </button>
          </div>
        </div>
      </div>
    </div>
  </div>
</div>
`;
