// Jest Snapshot v1, https://goo.gl/fbAQLP

exports[`highlight text matches snapshot 1`] = `
<span
  className="highlight-text"
>
  <span
    className="pre"
  >
    H
  </span>
  <span
    className="highlighted"
  >
    woot
  </span>
  <span
    className="post"
  >
     world
  </span>
</span>
`;
