// Jest Snapshot v1, https://goo.gl/fbAQLP

exports[`query output matches snapshot 1`] = `
<div
  class="query-output"
>
  <div
    class="ReactTable"
  >
    <div
      class="rt-table"
      role="grid"
    >
      <div
        class="rt-thead -header"
        style="min-width: 0px;"
      >
        <div
          class="rt-tr"
          role="row"
        />
      </div>
      <div
        class="rt-tbody"
        style="min-width: 0px;"
      >
        <div
          class="rt-tr-group"
          role="rowgroup"
        >
          <div
            class="rt-tr -padRow -odd"
            role="row"
          />
        </div>
        <div
          class="rt-tr-group"
          role="rowgroup"
        >
          <div
            class="rt-tr -padRow -even"
            role="row"
          />
        </div>
        <div
          class="rt-tr-group"
          role="rowgroup"
        >
          <div
            class="rt-tr -padRow -odd"
            role="row"
          />
        </div>
        <div
          class="rt-tr-group"
          role="rowgroup"
        >
          <div
            class="rt-tr -padRow -even"
            role="row"
          />
        </div>
        <div
          class="rt-tr-group"
          role="rowgroup"
        >
          <div
            class="rt-tr -padRow -odd"
            role="row"
          />
        </div>
        <div
          class="rt-tr-group"
          role="rowgroup"
        >
          <div
            class="rt-tr -padRow -even"
            role="row"
          />
        </div>
        <div
          class="rt-tr-group"
          role="rowgroup"
        >
          <div
            class="rt-tr -padRow -odd"
            role="row"
          />
        </div>
        <div
          class="rt-tr-group"
          role="rowgroup"
        >
          <div
            class="rt-tr -padRow -even"
            role="row"
          />
        </div>
        <div
          class="rt-tr-group"
          role="rowgroup"
        >
          <div
            class="rt-tr -padRow -odd"
            role="row"
          />
        </div>
        <div
          class="rt-tr-group"
          role="rowgroup"
        >
          <div
            class="rt-tr -padRow -even"
            role="row"
          />
        </div>
        <div
          class="rt-tr-group"
          role="rowgroup"
        >
          <div
            class="rt-tr -padRow -odd"
            role="row"
          />
        </div>
        <div
          class="rt-tr-group"
          role="rowgroup"
        >
          <div
            class="rt-tr -padRow -even"
            role="row"
          />
        </div>
        <div
          class="rt-tr-group"
          role="rowgroup"
        >
          <div
            class="rt-tr -padRow -odd"
            role="row"
          />
        </div>
        <div
          class="rt-tr-group"
          role="rowgroup"
        >
          <div
            class="rt-tr -padRow -even"
            role="row"
          />
        </div>
        <div
          class="rt-tr-group"
          role="rowgroup"
        >
          <div
            class="rt-tr -padRow -odd"
            role="row"
          />
        </div>
        <div
          class="rt-tr-group"
          role="rowgroup"
        >
          <div
            class="rt-tr -padRow -even"
            role="row"
          />
        </div>
        <div
          class="rt-tr-group"
          role="rowgroup"
        >
          <div
            class="rt-tr -padRow -odd"
            role="row"
          />
        </div>
        <div
          class="rt-tr-group"
          role="rowgroup"
        >
          <div
            class="rt-tr -padRow -even"
            role="row"
          />
        </div>
        <div
          class="rt-tr-group"
          role="rowgroup"
        >
          <div
            class="rt-tr -padRow -odd"
            role="row"
          />
        </div>
        <div
          class="rt-tr-group"
          role="rowgroup"
        >
          <div
            class="rt-tr -padRow -even"
            role="row"
          />
        </div>
      </div>
    </div>
    <div
      class="pagination-bottom"
    >
      <div
        class="-pagination"
      >
        <div
          class="-previous"
        >
          <button
            class="-btn"
            disabled=""
            type="button"
          >
            Previous
          </button>
        </div>
        <div
          class="-center"
        >
          <span
            class="-pageInfo"
          >
            Page
             
            <div
              class="-pageJump"
            >
              <input
                aria-label="jump to page"
                type="number"
                value="1"
              />
            </div>
             
            of
             
            <span
              class="-totalPages"
            >
              1
            </span>
          </span>
          <span
            class="select-wrap -pageSizeOptions"
          >
            <select
              aria-label="rows per page"
            >
              <option
                value="5"
              >
                5 rows
              </option>
              <option
                value="10"
              >
                10 rows
              </option>
              <option
                value="20"
              >
                20 rows
              </option>
              <option
                value="25"
              >
                25 rows
              </option>
              <option
                value="50"
              >
                50 rows
              </option>
              <option
                value="100"
              >
                100 rows
              </option>
            </select>
          </span>
        </div>
        <div
          class="-next"
        >
          <button
            class="-btn"
            disabled=""
            type="button"
          >
            Next
          </button>
        </div>
      </div>
    </div>
    <div
      class="rt-noData"
    >
      lol
    </div>
    <div
      class="-loading"
    >
      <div
        class="-loading-inner"
      >
        Loading...
      </div>
    </div>
  </div>
</div>
`;
