// Jest Snapshot v1, https://goo.gl/fbAQLP

exports[`LookupsView matches snapshot 1`] = `
<div
  className="lookups-view app-view"
>
  <Memo(ViewControlBar)
    label="Lookups"
  >
    <Memo(RefreshButton)
      localStorageKey="lookups-refresh-rate"
      onRefresh={[Function]}
    />
    <Blueprint4.Button
      icon="plus"
      onClick={[Function]}
      text="Add lookup"
    />
    <Memo(TableColumnSelector)
      columns={
        Array [
          "Lookup name",
          "Lookup tier",
          "Type",
          "Version",
          "Poll period",
          "Summary",
          "Actions",
        ]
      }
      onChange={[Function]}
      tableColumnsHidden={Array []}
    />
  </Memo(ViewControlBar)>
  <ReactTable
    AggregatedComponent={[Function]}
    ExpanderComponent={[Function]}
    FilterComponent={[Function]}
    LoadingComponent={[Function]}
    NoDataComponent={[Function]}
    PadRowComponent={[Function]}
    PaginationComponent={[Function]}
    PivotValueComponent={[Function]}
    ResizerComponent={[Function]}
    TableComponent={[Function]}
    TbodyComponent={[Function]}
    TdComponent={[Function]}
    TfootComponent={[Function]}
    ThComponent={[Function]}
    TheadComponent={[Function]}
    TrComponent={[Function]}
    TrGroupComponent={[Function]}
    aggregatedKey="_aggregated"
    className=""
    collapseOnDataChange={true}
    collapseOnPageChange={true}
    collapseOnSortingChange={true}
    column={
      Object {
        "Aggregated": undefined,
        "Cell": undefined,
        "Expander": undefined,
        "Filter": undefined,
        "Footer": undefined,
        "Header": undefined,
        "Pivot": undefined,
        "PivotValue": undefined,
        "Placeholder": undefined,
        "aggregate": undefined,
        "className": "",
        "filterAll": false,
        "filterMethod": undefined,
        "filterable": undefined,
        "footerClassName": "",
        "footerStyle": Object {},
        "getFooterProps": [Function],
        "getHeaderProps": [Function],
        "getProps": [Function],
        "headerClassName": "",
        "headerStyle": Object {},
        "minResizeWidth": 11,
        "minWidth": 100,
        "resizable": undefined,
        "show": true,
        "sortMethod": undefined,
        "sortable": undefined,
        "style": Object {},
      }
    }
    columns={
      Array [
        Object {
          "Cell": [Function],
          "Header": "Lookup name",
          "accessor": "id",
          "filterable": true,
          "id": "lookup_name",
          "show": true,
          "width": 200,
        },
        Object {
          "Cell": [Function],
          "Header": "Lookup tier",
          "accessor": "tier",
          "filterable": true,
          "id": "tier",
          "show": true,
          "width": 100,
        },
        Object {
          "Cell": [Function],
          "Header": "Type",
          "accessor": "spec.type",
          "filterable": true,
          "id": "type",
          "show": true,
          "width": 150,
        },
        Object {
          "Cell": [Function],
          "Header": "Version",
          "accessor": "version",
          "filterable": true,
          "id": "version",
          "show": true,
          "width": 190,
        },
        Object {
          "Cell": [Function],
          "Header": "Poll period",
          "accessor": [Function],
          "className": "padded",
          "id": "poolPeriod",
          "show": true,
          "width": 150,
        },
        Object {
          "Cell": [Function],
          "Header": "Summary",
          "accessor": [Function],
          "id": "summary",
          "show": true,
          "width": 600,
        },
        Object {
          "Cell": [Function],
          "Header": "Actions",
          "accessor": "id",
          "filterable": false,
          "id": "actions",
          "show": true,
          "width": 70,
        },
      ]
    }
    data={Array []}
    defaultExpanded={Object {}}
    defaultFilterMethod={[Function]}
    defaultFiltered={Array []}
    defaultPage={0}
    defaultPageSize={50}
    defaultResized={Array []}
    defaultSortDesc={false}
    defaultSortMethod={[Function]}
    defaultSorted={
      Array [
        Object {
          "desc": false,
          "id": "lookup_name",
        },
      ]
    }
    expanderDefaults={
      Object {
        "filterable": false,
        "resizable": false,
        "sortable": false,
        "width": 35,
      }
    }
    filterable={true}
    filtered={Array []}
    freezeWhenExpanded={false}
    getLoadingProps={[Function]}
    getNoDataProps={[Function]}
    getPaginationProps={[Function]}
    getProps={[Function]}
    getResizerProps={[Function]}
    getTableProps={[Function]}
    getTbodyProps={[Function]}
    getTdProps={[Function]}
    getTfootProps={[Function]}
    getTfootTdProps={[Function]}
    getTfootTrProps={[Function]}
    getTheadFilterProps={[Function]}
    getTheadFilterThProps={[Function]}
    getTheadFilterTrProps={[Function]}
    getTheadGroupProps={[Function]}
    getTheadGroupThProps={[Function]}
    getTheadGroupTrProps={[Function]}
    getTheadProps={[Function]}
    getTheadThProps={[Function]}
    getTheadTrProps={[Function]}
    getTrGroupProps={[Function]}
    getTrProps={[Function]}
    groupedByPivotKey="_groupedByPivot"
    indexKey="_index"
    loading={true}
    loadingText="Loading..."
    multiSort={true}
    nestingLevelKey="_nestingLevel"
    nextText="Next"
    noDataText=""
    ofText="of"
    onFetchData={[Function]}
    onFilteredChange={[Function]}
    originalKey="_original"
    pageJumpText="jump to page"
    pageSizeOptions={
      Array [
        50,
        100,
        200,
      ]
    }
    pageText="Page"
    pivotDefaults={Object {}}
    pivotIDKey="_pivotID"
    pivotValKey="_pivotVal"
    previousText="Previous"
    resizable={true}
    resolveData={[Function]}
    rowsSelectorText="rows per page"
    rowsText="rows"
    showPageJump={true}
    showPageSizeOptions={true}
    showPagination={false}
    showPaginationBottom={true}
    showPaginationTop={false}
    sortable={true}
    style={Object {}}
    subRowsKey="_subRows"
  />
</div>
`;
