// Jest Snapshot v1, https://jestjs.io/docs/snapshot-testing

exports[`LookupsView matches snapshot 1`] = `
<div
  class="lookups-view app-view"
>
  <div
    class="view-control-bar"
  >
    <div
      class="control-label"
    >
      Lookups
    </div>
    <div
      class="bp6-button-group timed-button refresh-button"
    >
      <button
        class="bp6-button"
        type="button"
      >
        <span
          aria-hidden="true"
          class="bp6-icon bp6-icon-refresh"
        >
          <svg
            data-icon="refresh"
          />
        </span>
        <span
          class="bp6-button-text"
        >
          Refresh
        </span>
      </button>
      <span
        class="bp6-popover-target"
      >
        <button
          aria-expanded="false"
          aria-haspopup="menu"
          class="bp6-button"
          type="button"
        >
          <span
            aria-hidden="true"
            class="bp6-icon bp6-icon-caret-down"
          >
            <svg
              data-icon="caret-down"
            />
          </span>
        </button>
      </span>
    </div>
    <button
      class="bp6-button"
      type="button"
    >
      <span
        aria-hidden="true"
        class="bp6-icon bp6-icon-plus"
      >
        <svg
          data-icon="plus"
        />
      </span>
      <span
        class="bp6-button-text"
      >
        Add lookup
      </span>
    </button>
    <span
      class="table-column-selector bp6-popover-target"
    >
      <button
        aria-expanded="false"
        aria-haspopup="menu"
        class="bp6-button"
        type="button"
      >
        <span
          class="bp6-button-text"
        >
          Columns 
          <span
            class="counter"
          >
            (6/6)
          </span>
        </span>
        <span
          aria-hidden="true"
          class="bp6-icon bp6-icon-caret-down"
        >
          <svg
            data-icon="caret-down"
          />
        </span>
      </button>
    </span>
  </div>
  <stub-react-table
    default-page-size="50"
    filterable="true"
    loading="true"
    no-data-text="No lookups"
    rows="0"
    show-pagination="false"
  >
    <stub-column
      id="lookup_name"
      width="200"
    >
      Lookup name
    </stub-column>
    <stub-column
      id="tier"
      width="100"
    >
      Lookup tier
    </stub-column>
    <stub-column
      id="type"
      width="150"
    >
      Type
    </stub-column>
    <stub-column
      id="version"
      width="190"
    >
      Version
    </stub-column>
    <stub-column
      id="poolPeriod"
      width="150"
    >
      Poll period
    </stub-column>
    <stub-column
      id="summary"
      width="600"
    >
      Summary
    </stub-column>
    <stub-column
      id="actions"
      width="70"
    >
      Actions
    </stub-column>
  </stub-react-table>
</div>
`;
