// Jest Snapshot v1, https://goo.gl/fbAQLP

exports[`TimedButton matches snapshot 1`] = `
<Blueprint4.ButtonGroup
  className="timed-button"
>
  <Blueprint4.Button
    onClick={[Function]}
  />
  <Blueprint4.Popover2
    boundary="clippingParents"
    captureDismiss={false}
    content={
      <Blueprint4.Menu>
        <Blueprint4.MenuDivider
          title="Select delay"
        />
        <Blueprint4.MenuItem
          active={false}
          disabled={false}
          icon="selection"
          multiline={false}
          onClick={[Function]}
          popoverProps={Object {}}
          selected={false}
          shouldDismissPopover={true}
          text="timeValue"
        />
      </Blueprint4.Menu>
    }
    defaultIsOpen={false}
    disabled={false}
    fill={false}
    hasBackdrop={false}
    hoverCloseDelay={300}
    hoverOpenDelay={150}
    inheritDarkTheme={true}
    interactionKind="click"
    minimal={false}
    openOnTargetFocus={true}
    positioningStrategy="absolute"
    shouldReturnFocusOnClose={false}
    targetTagName="span"
    transitionDuration={300}
    usePortal={true}
  >
    <Blueprint4.Button
      rightIcon="caret-down"
    />
  </Blueprint4.Popover2>
</Blueprint4.ButtonGroup>
`;
