// Jest Snapshot v1, https://goo.gl/fbAQLP

exports[`TimedButton matches snapshot 1`] = `
<Blueprint5.ButtonGroup
  className="timed-button"
>
  <Blueprint5.Button
    onClick={[Function]}
  />
  <Blueprint5.Popover
    boundary="clippingParents"
    captureDismiss={false}
    content={
      <Blueprint5.Menu>
        <Blueprint5.MenuDivider
          title="Select delay"
        />
        <Blueprint5.MenuItem
          active={false}
          disabled={false}
          icon="tick-circle"
          multiline={false}
          onClick={[Function]}
          popoverProps={{}}
          shouldDismissPopover={true}
          text="timeValue"
        />
      </Blueprint5.Menu>
    }
    defaultIsOpen={false}
    disabled={false}
    fill={false}
    hasBackdrop={false}
    hoverCloseDelay={300}
    hoverOpenDelay={150}
    inheritDarkTheme={true}
    interactionKind="click"
    matchTargetWidth={false}
    minimal={false}
    openOnTargetFocus={true}
    positioningStrategy="absolute"
    shouldReturnFocusOnClose={false}
    targetTagName="span"
    transitionDuration={300}
    usePortal={true}
  >
    <Blueprint5.Button
      rightIcon="caret-down"
    />
  </Blueprint5.Popover>
</Blueprint5.ButtonGroup>
`;
