// Jest Snapshot v1, https://jestjs.io/docs/snapshot-testing

exports[`ExecutionProgressBarPane matches snapshot 1`] = `
<div
  class="execution-progress-bar-pane"
>
  <label
    class="bp6-label"
  >
    Query complete, waiting for segments to be loaded...
     
    <span
      class="cancel"
    >
      (skip waiting)
    </span>
  </label>
  <div
    aria-valuemax="100"
    aria-valuemin="0"
    class="bp6-progress-bar bp6-intent-primary overall"
    role="progressbar"
  >
    <div
      class="bp6-progress-meter"
    />
  </div>
  <label
    class="bp6-label"
  >
    Segments loaded successfully in 0:00:05
  </label>
</div>
`;
