// Jest Snapshot v1, https://jestjs.io/docs/snapshot-testing

exports[`FlexibleQueryInput matches snapshot 1`] = `
<div
  class="flexible-query-input"
>
  <div
    class="editor-container"
  >
    <div
      class="code-editor no-background"
      style="height: 100%;"
    >
      <div
        class="cm-editor"
      >
        <!-- Code editor, language: dsql, value: "hello world" -->
      </div>
    </div>
  </div>
</div>
`;
