// Jest Snapshot v1, https://jestjs.io/docs/snapshot-testing

exports[`TasksCard matches snapshot 1`] = `
<a
  class="home-view-card tasks-card"
  href="#tasks"
>
  <div
    class="bp6-card bp6-elevation-1 bp6-interactive"
  >
    <h5
      class="bp6-heading"
    >
      <span
        aria-hidden="true"
        class="bp6-icon bp6-icon-gantt-chart"
      >
        <svg
          data-icon="gantt-chart"
        />
      </span>
       
      Tasks
    </h5>
    <p>
      Loading...
    </p>
  </div>
</a>
`;
