// Jest Snapshot v1, https://jestjs.io/docs/snapshot-testing

exports[`FormGroupWithInfo matches snapshot 1`] = `
<div
  class="bp6-form-group form-group-with-info"
>
  <label
    class="bp6-label"
  >
    Goodies
     
    <span
      class="bp6-text-muted"
    >
      <span
        class="info-popover bp6-popover-target"
      >
        <span
          aria-expanded="false"
          aria-haspopup="menu"
          aria-hidden="true"
          class="bp6-icon bp6-icon-info-sign"
        >
          <svg
            data-icon="info-sign"
          />
        </span>
      </span>
    </span>
  </label>
  <div
    class="bp6-form-content"
  >
    Some buttons and stuff
  </div>
</div>
`;
