// Jest Snapshot v1, https://goo.gl/fbAQLP

exports[`FormGroupWithInfo matches snapshot 1`] = `
<div
  class="bp5-form-group form-group-with-info"
>
  <label
    class="bp5-label"
  >
    Goodies
     
    <span
      class="bp5-text-muted"
    >
      <span
        class="bp5-popover2-target info-popover bp5-popover-target"
      >
        <span
          aria-expanded="false"
          aria-haspopup="menu"
          aria-hidden="true"
          class="bp5-icon bp5-icon-info-sign"
          data-icon="info-sign"
        />
      </span>
    </span>
  </label>
  <div
    class="bp5-form-content"
  >
    Some buttons and stuff
  </div>
</div>
`;
